Microchip MPLAB XC8 Compiler V2.10 ()

Linker command line:

-W-3 --edf=C:\Program Files (x86)\Microchip\xc8\v2.10\pic\dat\en_msgs.txt \
  -cs -h+dist/default/production\GreenHouseProjectTest.X.production.sym \
  --cmf=dist/default/production\GreenHouseProjectTest.X.production.cmf -z \
  -Q16F877A -oC:\Users\scowt\AppData\Local\Temp\sevs.2 \
  --defsym=__MPLAB_BUILD=1 \
  -Mdist/default/production/GreenHouseProjectTest.X.production.map -E1 \
  -ver=XC8 --acfsm=1493 -ASTACK=0110h-016Fh -pstack=STACK \
  -ACODE=00h-07FFhx4 -ASTRCODE=00h-01FFFh -ASTRING=00h-0FFhx32 \
  -ACONST=00h-0FFhx32 -AENTRY=00h-0FFhx32 -ACOMMON=070h-07Fh \
  -ABANK0=020h-06Fh -ABANK1=0A0h-0EFh -ABANK2=0110h-016Fh \
  -ABANK3=0190h-01EFh -ARAM=020h-06Fh,0A0h-0EFh,0110h-016Fh,0190h-01EFh \
  -AABS1=020h-07Fh,0A0h-0EFh,0110h-016Fh,0190h-01EFh -ASFR0=00h-01Fh \
  -ASFR1=080h-09Fh -ASFR2=0100h-010Fh -ASFR3=0180h-018Fh \
  -preset_vec=00h,intentry,init,end_init -ppowerup=CODE -pcinit=CODE \
  -pfunctab=ENTRY -ACONFIG=02007h-02007h -pconfig=CONFIG -DCONFIG=2 \
  -AIDLOC=02000h-02003h -pidloc=IDLOC -DIDLOC=2 -AEEDATA=00h-0FFh/02100h \
  -peeprom_data=EEDATA -DEEDATA=2 -DCODE=2 -DSTRCODE=2 -DSTRING=2 -DCONST=2 \
  -DENTRY=2 -k C:\Users\scowt\AppData\Local\Temp\sevs.o \
  dist/default/production\GreenHouseProjectTest.X.production.o 

Object code version is 3.11

Machine type is 16F877A



                Name                               Link     Load   Length Selector   Space Scale
C:\Users\scowt\AppData\Local\Temp\sevs.o
                end_init                              0        0        3        0       0
                config                             2007     2007        1     400E       0
dist/default/production\GreenHouseProjectTest.X.production.o
                cinit                               7F3      7F3        D      FE6       0
                text26                               F3       F3       16      1E6       0
                text25                               CB       CB       13      196       0
                text24                              109      109       16      212       0
                text23                              135      135       19      26A       0
                text22                              601      601       C4      C02       0
                text21                              54A      54A       B7      A94       0
                text20                               B9       B9       12      172       0
                text19                              3D2      3D2       66      7A4       0
                text18                              18F      18F       2B      31E       0
                text17                               DE       DE       15      1BC       0
                text16                              438      438       67      870       0
                text15                              379      379       59      6F2       0
                text14                              335      335       44      66A       0
                text13                              24C      24C       3A      498       0
                text12                              11F      11F       16      23E       0
                text11                              286      286       3A      50C       0
                text10                              2C0      2C0       3A      580       0
                text9                               2FA      2FA       3B      5F4       0
                text8                               6C5      6C5      12E      D8A       0
                text7                               217      217       35      42E       0
                text6                               1BA      1BA       2E      374       0
                text5                                B0       B0        9      160       0
                text4                                A4       A4        4      148       0
                text3                               14E      14E       19      29C       0
                text2                               167      167       28      2CE       0
                text1                               1E8      1E8       2F      3D0       0
                maintext                            49F      49F       AB      93E       0
                cstackBANK0                          34       34        4       20       1
                cstackCOMMON                         70       70        E       70       1
                clrtext                              A8       A8        8      150       0
                bssBANK0                             20       20       14       20       1
                strings                               3        3        E        6       0

TOTAL           Name                               Link     Load   Length     Space
        CLASS   STACK          

        CLASS   CODE           
                end_init                              0        0        3         0
                cinit                               7F3      7F3        D         0
                text26                               F3       F3       16         0
                text25                               CB       CB       13         0
                text24                              109      109       16         0
                text23                              135      135       19         0
                text22                              601      601       C4         0
                text21                              54A      54A       B7         0
                text20                               B9       B9       12         0
                text19                              3D2      3D2       66         0
                text18                              18F      18F       2B         0
                text17                               DE       DE       15         0
                text16                              438      438       67         0
                text15                              379      379       59         0
                text14                              335      335       44         0
                text13                              24C      24C       3A         0
                text12                              11F      11F       16         0
                text11                              286      286       3A         0
                text10                              2C0      2C0       3A         0
                text9                               2FA      2FA       3B         0
                text8                               6C5      6C5      12E         0
                text7                               217      217       35         0
                text6                               1BA      1BA       2E         0
                text5                                B0       B0        9         0
                text4                                A4       A4        4         0
                text3                               14E      14E       19         0
                text2                               167      167       28         0
                text1                               1E8      1E8       2F         0
                maintext                            49F      49F       AB         0
                clrtext                              A8       A8        8         0

        CLASS   STRCODE        

        CLASS   STRING         
                strings                               3        3        E         0

        CLASS   CONST          

        CLASS   ENTRY          

        CLASS   COMMON         
                cstackCOMMON                         70       70        E         1

        CLASS   BANK0          
                cstackBANK0                          34       34        4         1
                bssBANK0                             20       20       14         1

        CLASS   BANK1          

        CLASS   BANK2          

        CLASS   BANK3          

        CLASS   RAM            

        CLASS   ABS1           
                abs_s1                               7E       7E        2         1

        CLASS   SFR0           

        CLASS   SFR1           

        CLASS   SFR2           

        CLASS   SFR3           

        CLASS   CONFIG         
                config                             2007     2007        1         0

        CLASS   IDLOC          

        CLASS   EEDATA         



SEGMENTS        Name                           Load    Length   Top    Selector   Space  Class     Delta

                reset_vec                      000000  000003  000003         0       0  CODE        2
                strings                        000003  00000E  000011         6       0  STRING      2
                bssBANK0                       000020  000018  000038        20       1  BANK0       1
                cstackCOMMON                   000070  00000E  00007E        70       1  COMMON      1
                text4                          0000A4  000004  0000A8       148       0  CODE        2
                clrtext                        0000A8  000008  0000B0       150       0  CODE        2
                text5                          0000B0  000009  0000B9       160       0  CODE        2
                text20                         0000B9  000012  0000CB       172       0  CODE        2
                text25                         0000CB  000013  0000DE       196       0  CODE        2
                text17                         0000DE  000015  0000F3       1BC       0  CODE        2
                text26                         0000F3  000016  000109       1E6       0  CODE        2
                text24                         000109  000016  00011F       212       0  CODE        2
                text12                         00011F  000016  000135       23E       0  CODE        2
                text23                         000135  000019  00014E       26A       0  CODE        2
                text3                          00014E  000019  000167       29C       0  CODE        2
                text2                          000167  000028  00018F       2CE       0  CODE        2
                text18                         00018F  00002B  0001BA       31E       0  CODE        2
                text6                          0001BA  00002E  0001E8       374       0  CODE        2
                text1                          0001E8  00002F  000217       3D0       0  CODE        2
                text7                          000217  000035  00024C       42E       0  CODE        2
                text13                         00024C  00003A  000286       498       0  CODE        2
                text11                         000286  00003A  0002C0       50C       0  CODE        2
                text10                         0002C0  00003A  0002FA       580       0  CODE        2
                text9                          0002FA  00003B  000335       5F4       0  CODE        2
                text14                         000335  000044  000379       66A       0  CODE        2
                text15                         000379  000059  0003D2       6F2       0  CODE        2
                text19                         0003D2  000066  000438       7A4       0  CODE        2
                text16                         000438  000067  00049F       870       0  CODE        2
                maintext                       00049F  0000AB  00054A       93E       0  CODE        2
                text21                         00054A  0000B7  000601       A94       0  CODE        2
                text22                         000601  0000C4  0006C5       C02       0  CODE        2
                text8                          0006C5  00012E  0007F3       D8A       0  CODE        2
                cinit                          0007F3  00000D  000800       FE6       0  CODE        2
                config                         002007  000001  002008      400E       0  CONFIG      2


UNUSED ADDRESS RANGES

        Name                Unused          Largest block    Delta
        BANK0            0038-006F             38           1
        BANK1            00A0-00EF             50           1
        BANK2            0110-016F             60           1
        BANK3            0190-01EF             60           1
        CODE             0011-00A3             93           2
                         0800-1FFF            800
        CONST            0011-00A3             93           2
                         0800-1FFF            100
        EEDATA           2100-21FF            100           2
        ENTRY            0011-00A3             93           2
                         0800-1FFF            100
        IDLOC            2000-2003              4           2
        RAM              0038-006F             38           1
                         00A0-00EF             50
                         0110-016F             60
                         0190-01EF             60
        SFR0             0000-001F             20           1
        SFR1             0080-009F             20           1
        SFR2             0100-010F             10           1
        SFR3             0180-018F             10           1
        STACK            0110-016F             60           1
        STRCODE          0011-00A3             93           2
                         0800-1FFF           1800
        STRING           0011-00A3             93           2
                         0800-1FFF            100

                                  Symbol Table

?___awdiv                cstackCOMMON 0070
?___awmod                cstackCOMMON 0070
?___lwdiv                cstackCOMMON 0076
?___lwmod                cstackCOMMON 0070
_ADCON1                  (abs)        009F
_OPTION_REG              (abs)        0081
_PORTD                   (abs)        0008
_RA0                     (abs)        0028
_RA2                     (abs)        002A
_RA3                     (abs)        002B
_RA4                     (abs)        002C
_RA5                     (abs)        002D
_RB0                     (abs)        0030
_RB1                     (abs)        0031
_RB4                     (abs)        0034
_RB5                     (abs)        0035
_RC0                     (abs)        0038
_RE1                     (abs)        0049
_THV                     bssBANK0     0032
_TLV                     bssBANK0     0033
_TRISA                   (abs)        0085
_TRISA0                  (abs)        0428
_TRISB                   (abs)        0086
_TRISB4                  (abs)        0434
_TRISC                   (abs)        0087
_TRISC0                  (abs)        0438
_TRISD                   (abs)        0088
_TRISE                   (abs)        0089
_TX                      bssBANK0     0030
_TZ                      bssBANK0     0031
__CFG_BOREN$OFF          (abs)        0000
__CFG_FOSC$HS            (abs)        0000
__CFG_LVP$OFF            (abs)        0000
__CFG_PWRTE$ON           (abs)        0000
__CFG_WDTE$OFF           (abs)        0000
__Habs1                  abs1         0000
__Hbank0                 bank0        0000
__Hbank1                 bank1        0000
__Hbank2                 bank2        0000
__Hbank3                 bank3        0000
__HbssBANK0              bssBANK0     0000
__Hcinit                 cinit        0800
__Hclrtext               clrtext      0000
__Hcode                  code         0000
__Hcommon                common       0000
__Hconfig                config       2008
__HcstackBANK0           cstackBANK0  0000
__HcstackCOMMON          cstackCOMMON 0000
__Heeprom_data           eeprom_data  0000
__Hend_init              end_init     0003
__Hfunctab               functab      0000
__Hidloc                 idloc        0000
__Hinit                  init         0000
__Hintentry              intentry     0000
__Hmaintext              maintext     0000
__Hpowerup               powerup      0000
__Hram                   ram          0000
__Hreset_vec             reset_vec    0000
__Hsfr0                  sfr0         0000
__Hsfr1                  sfr1         0000
__Hsfr2                  sfr2         0000
__Hsfr3                  sfr3         0000
__Hspace_0               (abs)        2008
__Hspace_1               (abs)        007E
__Hspace_2               (abs)        0000
__Hspace_3               (abs)        0000
__Hstack                 stack        0000
__Hstrings               strings      0000
__Htext                  text         0000
__Labs1                  abs1         0000
__Lbank0                 bank0        0000
__Lbank1                 bank1        0000
__Lbank2                 bank2        0000
__Lbank3                 bank3        0000
__LbssBANK0              bssBANK0     0000
__Lcinit                 cinit        07F3
__Lclrtext               clrtext      0000
__Lcode                  code         0000
__Lcommon                common       0000
__Lconfig                config       2007
__LcstackBANK0           cstackBANK0  0000
__LcstackCOMMON          cstackCOMMON 0000
__Leeprom_data           eeprom_data  0000
__Lend_init              end_init     0000
__Lfunctab               functab      0000
__Lidloc                 idloc        0000
__Linit                  init         0000
__Lintentry              intentry     0000
__Lmaintext              maintext     0000
__Lpowerup               powerup      0000
__Lram                   ram          0000
__Lreset_vec             reset_vec    0000
__Lsfr0                  sfr0         0000
__Lsfr1                  sfr1         0000
__Lsfr2                  sfr2         0000
__Lsfr3                  sfr3         0000
__Lspace_0               (abs)        0000
__Lspace_1               (abs)        0000
__Lspace_2               (abs)        0000
__Lspace_3               (abs)        0000
__Lstack                 stack        0000
__Lstrings               strings      0000
__Ltext                  text         0000
__S0                     (abs)        2008
__S1                     (abs)        007E
__S2                     (abs)        0000
__S3                     (abs)        0000
___awdiv                 text16       0438
___awdiv@counter         cstackCOMMON 0075
___awdiv@dividend        cstackCOMMON 0072
___awdiv@divisor         cstackCOMMON 0070
___awdiv@quotient        cstackCOMMON 0077
___awdiv@sign            cstackCOMMON 0076
___awmod                 text15       0379
___awmod@counter         cstackCOMMON 0075
___awmod@dividend        cstackCOMMON 0072
___awmod@divisor         cstackCOMMON 0070
___awmod@sign            cstackCOMMON 0076
___int_sp                stack        0000
___latbits               (abs)        0002
___lwdiv                 text14       0335
___lwdiv@counter         cstackCOMMON 007D
___lwdiv@dividend        cstackCOMMON 0078
___lwdiv@divisor         cstackCOMMON 0076
___lwdiv@quotient        cstackCOMMON 007B
___lwmod                 text13       024C
___lwmod@counter         cstackCOMMON 0075
___lwmod@dividend        cstackCOMMON 0072
___lwmod@divisor         cstackCOMMON 0070
___sp                    stack        0000
___stackhi               (abs)        0000
___stacklo               (abs)        0000
__end_of___awdiv         text16       049F
__end_of___awmod         text15       03D2
__end_of___lwdiv         text14       0379
__end_of___lwmod         text13       0286
__end_of__initialization cinit        07FC
__end_of__stringtab      strings      0009
__end_of_delay2          text12       0135
__end_of_delay_lcd       text26       0109
__end_of_delay_screen    text24       011F
__end_of_delay_temp      text20       00CB
__end_of_delay_time      text25       00DE
__end_of_display_clock   text22       06C5
__end_of_display_date    text21       0601
__end_of_display_temp    text19       0438
__end_of_ds1302_init     text17       00F3
__end_of_get_temp        text8        07F3
__end_of_get_time        text6        01E8
__end_of_init            text5        00B9
__end_of_init_temp       text4        00A8
__end_of_lcd_init        text2        018F
__end_of_main            maintext     054A
__end_of_read_byte       text11       02C0
__end_of_reset_temp      text10       02FA
__end_of_set_time        text1        0217
__end_of_table           strings      0011
__end_of_time_read_1     text7        024C
__end_of_time_write_1    text18       01BA
__end_of_write_byte      text9        0335
__end_of_write_char      text23       014E
__end_of_write_cmd       text3        0167
__initialization         cinit        07F3
__pbssBANK0              bssBANK0     0020
__pcstackBANK0           cstackBANK0  0034
__pcstackCOMMON          cstackCOMMON 0070
__pmaintext              maintext     049F
__pstrings               strings      0003
__ptext1                 text1        01E8
__ptext10                text10       02C0
__ptext11                text11       0286
__ptext12                text12       011F
__ptext13                text13       024C
__ptext14                text14       0335
__ptext15                text15       0379
__ptext16                text16       0438
__ptext17                text17       00DE
__ptext18                text18       018F
__ptext19                text19       03D2
__ptext2                 text2        0167
__ptext20                text20       00B9
__ptext21                text21       054A
__ptext22                text22       0601
__ptext23                text23       0135
__ptext24                text24       0109
__ptext25                text25       00CB
__ptext26                text26       00F3
__ptext3                 text3        014E
__ptext4                 text4        00A4
__ptext5                 text5        00B0
__ptext6                 text6        01BA
__ptext7                 text7        0217
__ptext8                 text8        06C5
__ptext9                 text9        02FA
__size_of___awdiv        (abs)        0000
__size_of___awmod        (abs)        0000
__size_of___lwdiv        (abs)        0000
__size_of___lwmod        (abs)        0000
__size_of_delay2         (abs)        0000
__size_of_delay_lcd      (abs)        0000
__size_of_delay_screen   (abs)        0000
__size_of_delay_temp     (abs)        0000
__size_of_delay_time     (abs)        0000
__size_of_display_clock  (abs)        0000
__size_of_display_date   (abs)        0000
__size_of_display_temp   (abs)        0000
__size_of_ds1302_init    (abs)        0000
__size_of_get_temp       (abs)        0000
__size_of_get_time       (abs)        0000
__size_of_init           (abs)        0000
__size_of_init_temp      (abs)        0000
__size_of_lcd_init       (abs)        0000
__size_of_main           (abs)        0000
__size_of_read_byte      (abs)        0000
__size_of_reset_temp     (abs)        0000
__size_of_set_time       (abs)        0000
__size_of_time_read_1    (abs)        0000
__size_of_time_write_1   (abs)        0000
__size_of_write_byte     (abs)        0000
__size_of_write_char     (abs)        0000
__size_of_write_cmd      (abs)        0000
__stringbase             strings      0008
__stringtab              strings      0003
_baifen                  bssBANK0     002C
_delay2                  text12       011F
_delay_lcd               text26       00F3
_delay_screen            text24       0109
_delay_temp              text20       00B9
_delay_time              text25       00CB
_display_clock           text22       0601
_display_date            text21       054A
_display_temp            text19       03D2
_ds1302_init             text17       00DE
_ge                      bssBANK0     002E
_get_temp                text8        06C5
_get_time                text6        01BA
_init                    text5        00B0
_init_temp               text4        00A4
_lcd_init                text2        0167
_main                    maintext     049F
_qianfen                 bssBANK0     002B
_read_byte               text11       0286
_reset_temp              text10       02C0
_set_time                text1        01E8
_shi                     bssBANK0     002F
_shifen                  bssBANK0     002D
_table                   strings      0009
_table1                  bssBANK0     0020
_time_read_1             text7        0217
_time_write_1            text18       018F
_wanfen                  bssBANK0     002A
_wd                      bssBANK0     0027
_write_byte              text9        02FA
_write_char              text23       0135
_write_cmd               text3        014E
btemp                    (abs)        007E
clear_ram0               clrtext      00A8
delay2@i                 cstackCOMMON 0070
delay_lcd@i              cstackCOMMON 0070
delay_screen@i           cstackCOMMON 0070
delay_temp@x             cstackCOMMON 0072
delay_temp@y             cstackCOMMON 0070
delay_temp@z             cstackCOMMON 0073
delay_time@i             cstackCOMMON 0070
display_clock@i          cstackCOMMON 0075
display_date@i           cstackCOMMON 0075
end_of_initialization    cinit        07FC
get_time@i               cstackCOMMON 0076
intlevel0                functab      0000
intlevel1                functab      0000
intlevel2                functab      0000
intlevel3                functab      0000
intlevel4                functab      0000
intlevel5                functab      0000
read_byte@i              cstackCOMMON 0076
read_byte@j              bssBANK0     0029
read_byte@value          cstackCOMMON 0075
reset_temp@presence      cstackCOMMON 0075
reset_vec                reset_vec    0000
set_time@i               cstackCOMMON 0075
start                    init         0000
start_initialization     cinit        07F3
time_read_1@j            cstackCOMMON 0072
time_read_1@time_rx      cstackCOMMON 0074
time_write_1@j           cstackCOMMON 0072
time_write_1@time_tx     cstackCOMMON 0074
write_byte@i             cstackCOMMON 0078
write_byte@temp          cstackCOMMON 0076
write_byte@val           cstackCOMMON 0077
write_char@x             cstackCOMMON 0072
write_cmd@x              cstackCOMMON 0072
wtemp0                   (abs)        007E


FUNCTION INFORMATION:

 *************** function _main *****************
 Defined at:
		line 9 in file "mainLogic.c"
 Parameters:    Size  Location     Type
		None
 Auto vars:     Size  Location     Type
		None
 Return value:  Size  Location     Type
                  1    wreg      void 
 Registers used:
		wreg, fsr0l, fsr0h, status,2, status,0, btemp+1, pclath, cstack
 Tracked objects:
		On entry : 
		On exit  : 
		Unchanged: 
 Data sizes:     COMMON   BANK0   BANK1   BANK3   BANK2
      Params:         0       0       0       0       0
      Locals:         0       0       0       0       0
      Temps:          0       0       0       0       0
      Totals:         0       0       0       0       0
Total ram usage:        0 bytes
 Hardware stack levels required when called:    3
 This function calls:
		_delay_lcd
		_display_clock
		_display_date
		_display_temp
		_ds1302_init
		_get_temp
		_get_time
		_init
		_init_temp
		_lcd_init
		_set_time
		_write_char
		_write_cmd
 This function is called by:
		Startup code after reset
 This function uses a non-reentrant model


 *************** function _set_time *****************
 Defined at:
		line 15 in file "clock_src.c"
 Parameters:    Size  Location     Type
		None
 Auto vars:     Size  Location     Type
  i               2    5[COMMON] int 
 Return value:  Size  Location     Type
                  1    wreg      void 
 Registers used:
		wreg, fsr0l, fsr0h, status,2, status,0, btemp+1, pclath, cstack
 Tracked objects:
		On entry : 
		On exit  : 
		Unchanged: 
 Data sizes:     COMMON   BANK0   BANK1   BANK3   BANK2
      Params:         0       0       0       0       0
      Locals:         2       0       0       0       0
      Temps:          0       0       0       0       0
      Totals:         2       0       0       0       0
Total ram usage:        2 bytes
 Hardware stack levels used:    1
 Hardware stack levels required when called:    1
 This function calls:
		_time_write_1
 This function is called by:
		_main
 This function uses a non-reentrant model


 *************** function _lcd_init *****************
 Defined at:
		line 14 in file "LCD_src.c"
 Parameters:    Size  Location     Type
		None
 Auto vars:     Size  Location     Type
  i               2    0        int 
 Return value:  Size  Location     Type
                  1    wreg      void 
 Registers used:
		wreg, status,2, status,0, btemp+1, pclath, cstack
 Tracked objects:
		On entry : 
		On exit  : 
		Unchanged: 
 Data sizes:     COMMON   BANK0   BANK1   BANK3   BANK2
      Params:         0       0       0       0       0
      Locals:         0       0       0       0       0
      Temps:          0       0       0       0       0
      Totals:         0       0       0       0       0
Total ram usage:        0 bytes
 Hardware stack levels used:    1
 Hardware stack levels required when called:    2
 This function calls:
		_delay_screen
		_write_cmd
 This function is called by:
		_main
 This function uses a non-reentrant model


 *************** function _write_cmd *****************
 Defined at:
		line 41 in file "LCD_src.c"
 Parameters:    Size  Location     Type
  x               1    wreg     unsigned char 
 Auto vars:     Size  Location     Type
  x               1    2[COMMON] unsigned char 
  i               2    0        int 
 Return value:  Size  Location     Type
                  1    wreg      void 
 Registers used:
		wreg, status,2, status,0, btemp+1, pclath, cstack
 Tracked objects:
		On entry : 
		On exit  : 
		Unchanged: 
 Data sizes:     COMMON   BANK0   BANK1   BANK3   BANK2
      Params:         0       0       0       0       0
      Locals:         1       0       0       0       0
      Temps:          0       0       0       0       0
      Totals:         1       0       0       0       0
Total ram usage:        1 bytes
 Hardware stack levels used:    1
 Hardware stack levels required when called:    1
 This function calls:
		_delay_screen
 This function is called by:
		_main
		_lcd_init
 This function uses a non-reentrant model


 *************** function _init_temp *****************
 Defined at:
		line 5 in file "Thermometer_src.c"
 Parameters:    Size  Location     Type
		None
 Auto vars:     Size  Location     Type
		None
 Return value:  Size  Location     Type
                  1    wreg      void 
 Registers used:
		status,2
 Tracked objects:
		On entry : 
		On exit  : 
		Unchanged: 
 Data sizes:     COMMON   BANK0   BANK1   BANK3   BANK2
      Params:         0       0       0       0       0
      Locals:         0       0       0       0       0
      Temps:          0       0       0       0       0
      Totals:         0       0       0       0       0
Total ram usage:        0 bytes
 Hardware stack levels used:    1
 This function calls:
		Nothing
 This function is called by:
		_main
 This function uses a non-reentrant model


 *************** function _init *****************
 Defined at:
		line 5 in file "LCD_src.c"
 Parameters:    Size  Location     Type
		None
 Auto vars:     Size  Location     Type
		None
 Return value:  Size  Location     Type
                  1    wreg      void 
 Registers used:
		wreg, status,2
 Tracked objects:
		On entry : 
		On exit  : 
		Unchanged: 
 Data sizes:     COMMON   BANK0   BANK1   BANK3   BANK2
      Params:         0       0       0       0       0
      Locals:         0       0       0       0       0
      Temps:          0       0       0       0       0
      Totals:         0       0       0       0       0
Total ram usage:        0 bytes
 Hardware stack levels used:    1
 This function calls:
		Nothing
 This function is called by:
		_main
 This function uses a non-reentrant model


 *************** function _get_time *****************
 Defined at:
		line 26 in file "clock_src.c"
 Parameters:    Size  Location     Type
		None
 Auto vars:     Size  Location     Type
  i               2    6[COMMON] int 
 Return value:  Size  Location     Type
                  1    wreg      void 
 Registers used:
		wreg, fsr0l, fsr0h, status,2, status,0, btemp+1, pclath, cstack
 Tracked objects:
		On entry : 
		On exit  : 
		Unchanged: 
 Data sizes:     COMMON   BANK0   BANK1   BANK3   BANK2
      Params:         0       0       0       0       0
      Locals:         2       0       0       0       0
      Temps:          1       0       0       0       0
      Totals:         3       0       0       0       0
Total ram usage:        3 bytes
 Hardware stack levels used:    1
 Hardware stack levels required when called:    1
 This function calls:
		_time_read_1
		_time_write_1
 This function is called by:
		_main
 This function uses a non-reentrant model


 *************** function _time_read_1 *****************
 Defined at:
		line 131 in file "clock_src.c"
 Parameters:    Size  Location     Type
		None
 Auto vars:     Size  Location     Type
  j               2    2[COMMON] int 
  time_rx         1    4[COMMON] unsigned char 
 Return value:  Size  Location     Type
                  1    wreg      unsigned char 
 Registers used:
		wreg, status,2, status,0, btemp+1
 Tracked objects:
		On entry : 
		On exit  : 
		Unchanged: 
 Data sizes:     COMMON   BANK0   BANK1   BANK3   BANK2
      Params:         0       0       0       0       0
      Locals:         3       0       0       0       0
      Temps:          2       0       0       0       0
      Totals:         5       0       0       0       0
Total ram usage:        5 bytes
 Hardware stack levels used:    1
 This function calls:
		Nothing
 This function is called by:
		_get_time
 This function uses a non-reentrant model


 *************** function _get_temp *****************
 Defined at:
		line 94 in file "Thermometer_src.c"
 Parameters:    Size  Location     Type
		None
 Auto vars:     Size  Location     Type
  i               2    0        int 
 Return value:  Size  Location     Type
                  1    wreg      void 
 Registers used:
		wreg, status,2, status,0, btemp+1, pclath, cstack
 Tracked objects:
		On entry : 
		On exit  : 
		Unchanged: 
 Data sizes:     COMMON   BANK0   BANK1   BANK3   BANK2
      Params:         0       0       0       0       0
      Locals:         0       0       0       0       0
      Temps:          0       4       0       0       0
      Totals:         0       4       0       0       0
Total ram usage:        4 bytes
 Hardware stack levels used:    1
 Hardware stack levels required when called:    2
 This function calls:
		___awdiv
		___awmod
		___lwdiv
		___lwmod
		_delay2
		_read_byte
		_reset_temp
		_write_byte
 This function is called by:
		_main
 This function uses a non-reentrant model


 *************** function _write_byte *****************
 Defined at:
		line 45 in file "Thermometer_src.c"
 Parameters:    Size  Location     Type
  val             1    wreg     unsigned char 
 Auto vars:     Size  Location     Type
  val             1    7[COMMON] unsigned char 
  i               1    8[COMMON] unsigned char 
  temp            1    6[COMMON] unsigned char 
 Return value:  Size  Location     Type
                  1    wreg      void 
 Registers used:
		wreg, status,2, status,0, pclath, cstack
 Tracked objects:
		On entry : 
		On exit  : 
		Unchanged: 
 Data sizes:     COMMON   BANK0   BANK1   BANK3   BANK2
      Params:         0       0       0       0       0
      Locals:         3       0       0       0       0
      Temps:          2       0       0       0       0
      Totals:         5       0       0       0       0
Total ram usage:        5 bytes
 Hardware stack levels used:    1
 Hardware stack levels required when called:    1
 This function calls:
		_delay_temp
 This function is called by:
		_get_temp
 This function uses a non-reentrant model


 *************** function _reset_temp *****************
 Defined at:
		line 30 in file "Thermometer_src.c"
 Parameters:    Size  Location     Type
		None
 Auto vars:     Size  Location     Type
  presence        1    5[COMMON] unsigned char 
 Return value:  Size  Location     Type
                  1    wreg      void 
 Registers used:
		wreg, status,2, status,0, pclath, cstack
 Tracked objects:
		On entry : 
		On exit  : 
		Unchanged: 
 Data sizes:     COMMON   BANK0   BANK1   BANK3   BANK2
      Params:         0       0       0       0       0
      Locals:         1       0       0       0       0
      Temps:          1       0       0       0       0
      Totals:         2       0       0       0       0
Total ram usage:        2 bytes
 Hardware stack levels used:    1
 Hardware stack levels required when called:    1
 This function calls:
		_delay_temp
 This function is called by:
		_get_temp
 This function uses a non-reentrant model


 *************** function _read_byte *****************
 Defined at:
		line 67 in file "Thermometer_src.c"
 Parameters:    Size  Location     Type
		None
 Auto vars:     Size  Location     Type
  i               1    6[COMMON] unsigned char 
  value           1    5[COMMON] unsigned char 
 Return value:  Size  Location     Type
                  1    wreg      unsigned char 
 Registers used:
		wreg, status,2, status,0, pclath, cstack
 Tracked objects:
		On entry : 
		On exit  : 
		Unchanged: 
 Data sizes:     COMMON   BANK0   BANK1   BANK3   BANK2
      Params:         0       0       0       0       0
      Locals:         2       0       0       0       0
      Temps:          1       0       0       0       0
      Totals:         3       0       0       0       0
Total ram usage:        3 bytes
 Hardware stack levels used:    1
 Hardware stack levels required when called:    1
 This function calls:
		_delay_temp
 This function is called by:
		_get_temp
 This function uses a non-reentrant model


 *************** function _delay2 *****************
 Defined at:
		line 135 in file "Thermometer_src.c"
 Parameters:    Size  Location     Type
		None
 Auto vars:     Size  Location     Type
  i               2    0[COMMON] int 
 Return value:  Size  Location     Type
                  1    wreg      void 
 Registers used:
		wreg, status,2, btemp+1
 Tracked objects:
		On entry : 
		On exit  : 
		Unchanged: 
 Data sizes:     COMMON   BANK0   BANK1   BANK3   BANK2
      Params:         0       0       0       0       0
      Locals:         2       0       0       0       0
      Temps:          0       0       0       0       0
      Totals:         2       0       0       0       0
Total ram usage:        2 bytes
 Hardware stack levels used:    1
 This function calls:
		Nothing
 This function is called by:
		_get_temp
 This function uses a non-reentrant model


 *************** function ___lwmod *****************
 Defined at:
		line 5 in file "C:\Program Files (x86)\Microchip\xc8\v2.10\pic\sources\c90\common\lwmod.c"
 Parameters:    Size  Location     Type
  divisor         2    0[COMMON] unsigned int 
  dividend        2    2[COMMON] unsigned int 
 Auto vars:     Size  Location     Type
  counter         1    5[COMMON] unsigned char 
 Return value:  Size  Location     Type
                  2    0[COMMON] unsigned int 
 Registers used:
		wreg, status,2, status,0
 Tracked objects:
		On entry : 
		On exit  : 
		Unchanged: 
 Data sizes:     COMMON   BANK0   BANK1   BANK3   BANK2
      Params:         4       0       0       0       0
      Locals:         1       0       0       0       0
      Temps:          1       0       0       0       0
      Totals:         6       0       0       0       0
Total ram usage:        6 bytes
 Hardware stack levels used:    1
 This function calls:
		Nothing
 This function is called by:
		_get_temp
 This function uses a non-reentrant model


 *************** function ___lwdiv *****************
 Defined at:
		line 5 in file "C:\Program Files (x86)\Microchip\xc8\v2.10\pic\sources\c90\common\lwdiv.c"
 Parameters:    Size  Location     Type
  divisor         2    6[COMMON] unsigned int 
  dividend        2    8[COMMON] unsigned int 
 Auto vars:     Size  Location     Type
  quotient        2   11[COMMON] unsigned int 
  counter         1   13[COMMON] unsigned char 
 Return value:  Size  Location     Type
                  2    6[COMMON] unsigned int 
 Registers used:
		wreg, status,2, status,0
 Tracked objects:
		On entry : 
		On exit  : 
		Unchanged: 
 Data sizes:     COMMON   BANK0   BANK1   BANK3   BANK2
      Params:         4       0       0       0       0
      Locals:         3       0       0       0       0
      Temps:          1       0       0       0       0
      Totals:         8       0       0       0       0
Total ram usage:        8 bytes
 Hardware stack levels used:    1
 This function calls:
		Nothing
 This function is called by:
		_get_temp
 This function uses a non-reentrant model


 *************** function ___awmod *****************
 Defined at:
		line 5 in file "C:\Program Files (x86)\Microchip\xc8\v2.10\pic\sources\c90\common\awmod.c"
 Parameters:    Size  Location     Type
  divisor         2    0[COMMON] int 
  dividend        2    2[COMMON] int 
 Auto vars:     Size  Location     Type
  sign            1    6[COMMON] unsigned char 
  counter         1    5[COMMON] unsigned char 
 Return value:  Size  Location     Type
                  2    0[COMMON] int 
 Registers used:
		wreg, status,2, status,0
 Tracked objects:
		On entry : 
		On exit  : 
		Unchanged: 
 Data sizes:     COMMON   BANK0   BANK1   BANK3   BANK2
      Params:         4       0       0       0       0
      Locals:         2       0       0       0       0
      Temps:          1       0       0       0       0
      Totals:         7       0       0       0       0
Total ram usage:        7 bytes
 Hardware stack levels used:    1
 This function calls:
		Nothing
 This function is called by:
		_get_temp
 This function uses a non-reentrant model


 *************** function ___awdiv *****************
 Defined at:
		line 5 in file "C:\Program Files (x86)\Microchip\xc8\v2.10\pic\sources\c90\common\awdiv.c"
 Parameters:    Size  Location     Type
  divisor         2    0[COMMON] int 
  dividend        2    2[COMMON] int 
 Auto vars:     Size  Location     Type
  quotient        2    7[COMMON] int 
  sign            1    6[COMMON] unsigned char 
  counter         1    5[COMMON] unsigned char 
 Return value:  Size  Location     Type
                  2    0[COMMON] int 
 Registers used:
		wreg, status,2, status,0
 Tracked objects:
		On entry : 
		On exit  : 
		Unchanged: 
 Data sizes:     COMMON   BANK0   BANK1   BANK3   BANK2
      Params:         4       0       0       0       0
      Locals:         4       0       0       0       0
      Temps:          1       0       0       0       0
      Totals:         9       0       0       0       0
Total ram usage:        9 bytes
 Hardware stack levels used:    1
 This function calls:
		Nothing
 This function is called by:
		_get_temp
 This function uses a non-reentrant model


 *************** function _ds1302_init *****************
 Defined at:
		line 6 in file "clock_src.c"
 Parameters:    Size  Location     Type
		None
 Auto vars:     Size  Location     Type
		None
 Return value:  Size  Location     Type
                  1    wreg      void 
 Registers used:
		wreg, status,2, status,0, btemp+1, pclath, cstack
 Tracked objects:
		On entry : 
		On exit  : 
		Unchanged: 
 Data sizes:     COMMON   BANK0   BANK1   BANK3   BANK2
      Params:         0       0       0       0       0
      Locals:         0       0       0       0       0
      Temps:          0       0       0       0       0
      Totals:         0       0       0       0       0
Total ram usage:        0 bytes
 Hardware stack levels used:    1
 Hardware stack levels required when called:    1
 This function calls:
		_time_write_1
 This function is called by:
		_main
 This function uses a non-reentrant model


 *************** function _time_write_1 *****************
 Defined at:
		line 115 in file "clock_src.c"
 Parameters:    Size  Location     Type
  time_tx         1    wreg     unsigned char 
 Auto vars:     Size  Location     Type
  time_tx         1    4[COMMON] unsigned char 
  j               2    2[COMMON] int 
 Return value:  Size  Location     Type
                  1    wreg      void 
 Registers used:
		wreg, status,2, status,0, btemp+1
 Tracked objects:
		On entry : 
		On exit  : 
		Unchanged: 
 Data sizes:     COMMON   BANK0   BANK1   BANK3   BANK2
      Params:         0       0       0       0       0
      Locals:         3       0       0       0       0
      Temps:          2       0       0       0       0
      Totals:         5       0       0       0       0
Total ram usage:        5 bytes
 Hardware stack levels used:    1
 This function calls:
		Nothing
 This function is called by:
		_ds1302_init
		_set_time
		_get_time
 This function uses a non-reentrant model


 *************** function _display_temp *****************
 Defined at:
		line 10 in file "Thermometer_src.c"
 Parameters:    Size  Location     Type
		None
 Auto vars:     Size  Location     Type
		None
 Return value:  Size  Location     Type
                  1    wreg      void 
 Registers used:
		wreg, status,2, status,0, btemp+1, pclath, cstack
 Tracked objects:
		On entry : 
		On exit  : 
		Unchanged: 
 Data sizes:     COMMON   BANK0   BANK1   BANK3   BANK2
      Params:         0       0       0       0       0
      Locals:         0       0       0       0       0
      Temps:          2       0       0       0       0
      Totals:         2       0       0       0       0
Total ram usage:        2 bytes
 Hardware stack levels used:    1
 Hardware stack levels required when called:    2
 This function calls:
		_delay_temp
		_write_char
 This function is called by:
		_main
 This function uses a non-reentrant model


 *************** function _delay_temp *****************
 Defined at:
		line 126 in file "Thermometer_src.c"
 Parameters:    Size  Location     Type
  x               1    wreg     unsigned char 
  y               1    0[COMMON] unsigned char 
 Auto vars:     Size  Location     Type
  x               1    2[COMMON] unsigned char 
  z               1    3[COMMON] unsigned char 
 Return value:  Size  Location     Type
                  1    wreg      void 
 Registers used:
		wreg, status,2, status,0
 Tracked objects:
		On entry : 
		On exit  : 
		Unchanged: 
 Data sizes:     COMMON   BANK0   BANK1   BANK3   BANK2
      Params:         1       0       0       0       0
      Locals:         2       0       0       0       0
      Temps:          1       0       0       0       0
      Totals:         4       0       0       0       0
Total ram usage:        4 bytes
 Hardware stack levels used:    1
 This function calls:
		Nothing
 This function is called by:
		_display_temp
		_reset_temp
		_write_byte
		_read_byte
 This function uses a non-reentrant model


 *************** function _display_date *****************
 Defined at:
		line 79 in file "clock_src.c"
 Parameters:    Size  Location     Type
		None
 Auto vars:     Size  Location     Type
  i               2    5[COMMON] int 
 Return value:  Size  Location     Type
                  1    wreg      void 
 Registers used:
		wreg, status,2, status,0, btemp+1, pclath, cstack
 Tracked objects:
		On entry : 
		On exit  : 
		Unchanged: 
 Data sizes:     COMMON   BANK0   BANK1   BANK3   BANK2
      Params:         0       0       0       0       0
      Locals:         2       0       0       0       0
      Temps:          2       0       0       0       0
      Totals:         4       0       0       0       0
Total ram usage:        4 bytes
 Hardware stack levels used:    1
 Hardware stack levels required when called:    2
 This function calls:
		_delay_time
		_write_char
 This function is called by:
		_main
 This function uses a non-reentrant model


 *************** function _display_clock *****************
 Defined at:
		line 37 in file "clock_src.c"
 Parameters:    Size  Location     Type
		None
 Auto vars:     Size  Location     Type
  i               2    5[COMMON] int 
 Return value:  Size  Location     Type
                  1    wreg      void 
 Registers used:
		wreg, status,2, status,0, btemp+1, pclath, cstack
 Tracked objects:
		On entry : 
		On exit  : 
		Unchanged: 
 Data sizes:     COMMON   BANK0   BANK1   BANK3   BANK2
      Params:         0       0       0       0       0
      Locals:         2       0       0       0       0
      Temps:          2       0       0       0       0
      Totals:         4       0       0       0       0
Total ram usage:        4 bytes
 Hardware stack levels used:    1
 Hardware stack levels required when called:    2
 This function calls:
		_delay_time
		_write_char
 This function is called by:
		_main
 This function uses a non-reentrant model


 *************** function _write_char *****************
 Defined at:
		line 28 in file "LCD_src.c"
 Parameters:    Size  Location     Type
  x               1    wreg     unsigned char 
 Auto vars:     Size  Location     Type
  x               1    2[COMMON] unsigned char 
  i               2    0        int 
 Return value:  Size  Location     Type
                  1    wreg      void 
 Registers used:
		wreg, status,2, status,0, btemp+1, pclath, cstack
 Tracked objects:
		On entry : 
		On exit  : 
		Unchanged: 
 Data sizes:     COMMON   BANK0   BANK1   BANK3   BANK2
      Params:         0       0       0       0       0
      Locals:         1       0       0       0       0
      Temps:          0       0       0       0       0
      Totals:         1       0       0       0       0
Total ram usage:        1 bytes
 Hardware stack levels used:    1
 Hardware stack levels required when called:    1
 This function calls:
		_delay_screen
 This function is called by:
		_main
		_display_temp
		_display_clock
		_display_date
 This function uses a non-reentrant model


 *************** function _delay_screen *****************
 Defined at:
		line 60 in file "LCD_src.c"
 Parameters:    Size  Location     Type
		None
 Auto vars:     Size  Location     Type
  i               2    0[COMMON] int 
 Return value:  Size  Location     Type
                  1    wreg      void 
 Registers used:
		wreg, status,2, btemp+1
 Tracked objects:
		On entry : 
		On exit  : 
		Unchanged: 
 Data sizes:     COMMON   BANK0   BANK1   BANK3   BANK2
      Params:         0       0       0       0       0
      Locals:         2       0       0       0       0
      Temps:          0       0       0       0       0
      Totals:         2       0       0       0       0
Total ram usage:        2 bytes
 Hardware stack levels used:    1
 This function calls:
		Nothing
 This function is called by:
		_lcd_init
		_write_char
		_write_cmd
 This function uses a non-reentrant model


 *************** function _delay_time *****************
 Defined at:
		line 148 in file "clock_src.c"
 Parameters:    Size  Location     Type
		None
 Auto vars:     Size  Location     Type
  i               2    0[COMMON] int 
 Return value:  Size  Location     Type
                  1    wreg      void 
 Registers used:
		wreg, status,2, status,0
 Tracked objects:
		On entry : 
		On exit  : 
		Unchanged: 
 Data sizes:     COMMON   BANK0   BANK1   BANK3   BANK2
      Params:         0       0       0       0       0
      Locals:         2       0       0       0       0
      Temps:          0       0       0       0       0
      Totals:         2       0       0       0       0
Total ram usage:        2 bytes
 Hardware stack levels used:    1
 This function calls:
		Nothing
 This function is called by:
		_display_clock
		_display_date
 This function uses a non-reentrant model


 *************** function _delay_lcd *****************
 Defined at:
		line 54 in file "LCD_src.c"
 Parameters:    Size  Location     Type
		None
 Auto vars:     Size  Location     Type
  i               2    0[COMMON] int 
 Return value:  Size  Location     Type
                  1    wreg      void 
 Registers used:
		wreg, status,2, btemp+1
 Tracked objects:
		On entry : 
		On exit  : 
		Unchanged: 
 Data sizes:     COMMON   BANK0   BANK1   BANK3   BANK2
      Params:         0       0       0       0       0
      Locals:         2       0       0       0       0
      Temps:          0       0       0       0       0
      Totals:         2       0       0       0       0
Total ram usage:        2 bytes
 Hardware stack levels used:    1
 This function calls:
		Nothing
 This function is called by:
		_main
 This function uses a non-reentrant model



MODULE INFORMATION

Module		Function		Class		Link	Load	Size
C:\Program Files (x86)\Microchip\xc8\v2.10\pic\sources\c90\common\lwdiv.c
		___lwdiv       		CODE           	0335	0000	69

C:\Program Files (x86)\Microchip\xc8\v2.10\pic\sources\c90\common\lwdiv.c estimated size: 69

Thermometer_src.c
		_get_temp      		CODE           	06C5	0000	303
		_display_temp  		CODE           	03D2	0000	103
		_delay2        		CODE           	011F	0000	23
		_read_byte     		CODE           	0286	0000	59
		_reset_temp    		CODE           	02C0	0000	59
		_delay_temp    		CODE           	00B9	0000	19
		_write_byte    		CODE           	02FA	0000	60
		_init_temp     		CODE           	00A4	0000	5

Thermometer_src.c estimated size: 631

C:\Program Files (x86)\Microchip\xc8\v2.10\pic\sources\c90\common\awdiv.c
		___awdiv       		CODE           	0438	0000	104

C:\Program Files (x86)\Microchip\xc8\v2.10\pic\sources\c90\common\awdiv.c estimated size: 104

clock_src.c
		_time_read_1   		CODE           	0217	0000	54
		_display_date  		CODE           	054A	0000	184
		_display_clock 		CODE           	0601	0000	197
		_get_time      		CODE           	01BA	0000	47
		_delay_time    		CODE           	00CB	0000	20
		_set_time      		CODE           	01E8	0000	48
		_time_write_1  		CODE           	018F	0000	44
		_ds1302_init   		CODE           	00DE	0000	22

clock_src.c estimated size: 616

LCD_src.c
		_init          		CODE           	00B0	0000	10
		_delay_lcd     		CODE           	00F3	0000	23
		_write_cmd     		CODE           	014E	0000	26
		_write_char    		CODE           	0135	0000	26
		_lcd_init      		CODE           	0167	0000	41
		_delay_screen  		CODE           	0109	0000	23

LCD_src.c estimated size: 149

shared
		__stringtab    		STRING         	0003	0000	7
		_table         		STRING         	0009	0000	9
		__initialization		CODE           	07F3	0000	10

shared estimated size: 26

C:\Program Files (x86)\Microchip\xc8\v2.10\pic\sources\c90\common\lwmod.c
		___lwmod       		CODE           	024C	0000	59

C:\Program Files (x86)\Microchip\xc8\v2.10\pic\sources\c90\common\lwmod.c estimated size: 59

mainLogic.c
		_main          		CODE           	049F	0000	172

mainLogic.c estimated size: 172

C:\Program Files (x86)\Microchip\xc8\v2.10\pic\sources\c90\common\awmod.c
		___awmod       		CODE           	0379	0000	90

C:\Program Files (x86)\Microchip\xc8\v2.10\pic\sources\c90\common\awmod.c estimated size: 90

